// Jest Snapshot v1, https://goo.gl/fbAQLP

exports[`MapBoxDemo render correctly 1`] = `
<MapBox
  onMarkerMove={[Function]}
/>
`;
