// Jest Snapshot v1, https://goo.gl/fbAQLP

exports[`UploadDemo render correctly 1`] = `
<Upload
  fileList={Array []}
  onChange={[Function]}
  onClick={[Function]}
  onPress={[Function]}
  style={
    Object {
      "padding": 6,
    }
  }
/>
`;
