// Jest Snapshot v1, https://goo.gl/fbAQLP

exports[`DrawerDemo render correctly 1`] = `
<div
  className="Drawer_demo"
>
  <Drawer
    direction="left"
    onChange={[Function]}
    visible={false}
  >
    test
  </Drawer>
</div>
`;
