// Jest Snapshot v1, https://goo.gl/fbAQLP

exports[`Drawer render correctly 1`] = `
<Drawer
  visible={true}
>
  <div
    className="Drawer"
  >
    <div
      className="show-drawer"
      style={
        Object {
          "transform": "translateX(0px)",
          "width": 0,
        }
      }
    >
      test
    </div>
    <div
      className="operate-drawer"
      onClick={[Function]}
      style={
        Object {
          "background": "linear-gradient(to right, rgba(0, 0, 0, 0.2), rgba(0, 0, 0, 0))",
          "transform": "translateX(0px)",
        }
      }
    >
      <div
        className="scale-wrapper"
        style={
          Object {
            "transform": "rotateZ(0deg)",
          }
        }
      >
        <img
          src="./assets/arrow.png"
        />
      </div>
    </div>
  </div>
</Drawer>
`;

exports[`Drawer render correctly 2`] = `
<Drawer
  visible={false}
>
  <div
    className="Drawer"
  >
    <div
      className="show-drawer"
      style={
        Object {
          "transform": "translateX(0px)",
          "width": 0,
        }
      }
    >
      test
    </div>
    <div
      className="operate-drawer"
      onClick={[Function]}
      style={
        Object {
          "background": "linear-gradient(to right, rgba(0, 0, 0, 0.2), rgba(0, 0, 0, 0))",
          "transform": "translateX(0px)",
        }
      }
    >
      <div
        className="scale-wrapper"
        style={
          Object {
            "transform": "rotateZ(180deg)",
          }
        }
      >
        <img
          src="./assets/arrow.png"
        />
      </div>
    </div>
  </div>
</Drawer>
`;
