// Jest Snapshot v1, https://goo.gl/fbAQLP

exports[`Router render correctly 1`] = `
<HashRouter>
  <Switch>
    <Route
      component={[Function]}
      exact={true}
      path="/"
    />
    <Route
      component={[Function]}
      path="/calendar"
    />
    <Route
      component={[Function]}
      path="/container"
    />
    <Route
      component={[Function]}
      path="/swiper"
    />
    <Route
      component={[Function]}
      path="/tabs"
    />
    <Route
      component={[Function]}
      path="/ripple"
    />
    <Route
      component={[Function]}
      path="/upload"
    />
    <Route
      component={[Function]}
      path="/drawer"
    />
    <Route
      component={[Function]}
      path="/transform"
    />
    <Route
      component={[Function]}
      path="/mapbox"
    />
    <Route
      component={[Function]}
      path="/template"
    />
  </Switch>
</HashRouter>
`;
