// Jest Snapshot v1, https://goo.gl/fbAQLP

exports[`MapBox render correctly 1`] = `
<div
  className="MapBox"
/>
`;
