// Jest Snapshot v1, https://goo.gl/fbAQLP

exports[`TransformManager render correctly 1`] = `
<div
  className="TransformManager"
>
  <div
    className="Transform-item"
    group="group1"
    key="group1-0"
    style={
      Object {
        "transform": "translate3d(0%, 0, 0)",
      }
    }
  >
    group1-0
  </div>
  <div
    className="Transform-item"
    group="group1"
    key="group1-1"
    style={
      Object {
        "transform": "translate3d(100%, 0, 0)",
      }
    }
  >
    group1-1
  </div>
</div>
`;
