// Jest Snapshot v1, https://goo.gl/fbAQLP

exports[`TransformManagerDemo render correctly 1`] = `
<TransformManagerDemo>
  <div
    className="TransformManagerDemo"
  >
    <Button
      activeStyle={Object {}}
      disabled={false}
      inline={false}
      loading={false}
      onClick={[Function]}
      prefixCls="am-button"
      size="large"
      type="primary"
    >
      <TouchFeedback
        activeClassName="am-button-active"
        activeStyle={Object {}}
        disabled={false}
      >
        <a
          aria-disabled={false}
          className="am-button am-button-primary"
          onClick={[Function]}
          onMouseDown={[Function]}
          onMouseLeave={[Function]}
          onMouseUp={[Function]}
          onTouchCancel={[Function]}
          onTouchEnd={[Function]}
          onTouchMove={[Function]}
          onTouchStart={[Function]}
          role="button"
        >
          <span
            key=".0"
          >
            next order
          </span>
        </a>
      </TouchFeedback>
    </Button>
    <Button
      activeStyle={Object {}}
      disabled={false}
      inline={false}
      loading={false}
      onClick={[Function]}
      prefixCls="am-button"
      size="large"
    >
      <TouchFeedback
        activeClassName="am-button-active"
        activeStyle={Object {}}
        disabled={false}
      >
        <a
          aria-disabled={false}
          className="am-button"
          onClick={[Function]}
          onMouseDown={[Function]}
          onMouseLeave={[Function]}
          onMouseUp={[Function]}
          onTouchCancel={[Function]}
          onTouchEnd={[Function]}
          onTouchMove={[Function]}
          onTouchStart={[Function]}
          role="button"
        >
          <span
            key=".0"
          >
            reset
          </span>
        </a>
      </TouchFeedback>
    </Button>
    <Button
      activeStyle={Object {}}
      disabled={false}
      inline={false}
      loading={false}
      onClick={[Function]}
      prefixCls="am-button"
      size="large"
    >
      <TouchFeedback
        activeClassName="am-button-active"
        activeStyle={Object {}}
        disabled={false}
      >
        <a
          aria-disabled={false}
          className="am-button"
          onClick={[Function]}
          onMouseDown={[Function]}
          onMouseLeave={[Function]}
          onMouseUp={[Function]}
          onTouchCancel={[Function]}
          onTouchEnd={[Function]}
          onTouchMove={[Function]}
          onTouchStart={[Function]}
          role="button"
        >
          <span
            key=".0"
          >
            group2-0
          </span>
        </a>
      </TouchFeedback>
    </Button>
    <TransformManager
      currentGroup="group1"
      currentOrder={0}
    >
      <div
        className="TransformManager"
      >
        <div
          className="Transform-item"
          group="group1"
          key="group1-0"
          style={
            Object {
              "transform": "translate3d(0%, 0, 0)",
            }
          }
        >
          group1-0
        </div>
        <div
          className="Transform-item"
          group="group1"
          key="group1-1"
          style={
            Object {
              "transform": "translate3d(100%, 0, 0)",
            }
          }
        >
          group1-1
        </div>
        <div
          className="Transform-item"
          group="group1"
          key="group1-2"
          style={
            Object {
              "transform": "translate3d(200%, 0, 0)",
            }
          }
        >
          group1-2
        </div>
      </div>
    </TransformManager>
  </div>
</TransformManagerDemo>
`;
