// Jest Snapshot v1, https://goo.gl/fbAQLP

exports[`DataController render correctly 1`] = `
<div
  className="DataController"
>
  <ContainerCore
    config={Array []}
    dataSource={Array []}
    domain="."
    formatControls={[Function]}
    loading={true}
    menuId={-2}
    onDelete={[Function]}
    onMapPickerChange={[Function]}
    onSearch={[Function]}
    onSort={[Function]}
    power={
      Object {
        "add": false,
        "delete": false,
        "select": false,
        "update": false,
      }
    }
    primaryKey=""
    tableId={-2}
    total={0}
    updatePageChange={[Function]}
    updatePageForm={Array []}
    updatePageMapBoxItem={
      Object {
        "key": "key",
        "lat": "-1",
        "lng": "-1",
      }
    }
    updatePageSave={[Function]}
  >
    <div
      data-key="pjnm"
    >
      1
    </div>
    <div
      data-key="dam_cd"
    >
      2
    </div>
  </ContainerCore>
</div>
`;
